- "topic 1" @ p1
	- "topic 1.1" @ p2
	- "topic 1.2" @ p3