- "foo" @ p1
	- "bar" @ p2
		- "baz" @ p3
- "a" @ p5
- "b" @ p6
- "c" @ p7
- "d" @ p8
- "e" @ p9
- "f" @ p10