line 2: invalid number of spaces in indentation (must be multiple of 4)