line 1: invalid bookmark "asdfasdf" (should start with page number, then title: e.g. 'p1. Introduction')