line 1: invalid page number "asdf" passed to set command