- "bookmark one" @ p1
- "bookmark two" @ p2
- "bookmark three" @ p3