line 1: invalid bookmark "asdfasdf" (should start with title, then comma, then page number, e.g. 'Introduction, 1')